2026-09-29 11:27:06 [INFO] potato.authentication: Initialized UserAuthenticator with method: in_memory, require_password: True
2026-09-29 11:27:06 [INFO] potato.item_state_management: ItemStateManager initialized with random_seed=1234
2026-09-29 11:27:06 [INFO] server_utils.front_end: Generating anntotation site at /opt/anaconda/lib/python3.12/site-packages/potato/templates
2026-09-29 11:27:06 [INFO] potato.server_utils.generated_templates: Generated templates directory: /tmp/potato-templates-8b168e4e24f1 (/opt/anaconda/lib/python3.12/site-packages/potato/templates is not writable (a non-root install or a read-only filesystem))
2026-09-29 11:27:06 [INFO] potato.server_utils.schemas.radio: Successfully generated radio layout for gender with 4 options
2026-09-29 11:27:06 [INFO] potato.server_utils.schemas.radio: Successfully generated radio layout for pronouns with 5 options
2026-09-29 11:27:06 [INFO] potato.server_utils.schemas.number: Successfully generated number layout for age
2026-09-29 11:27:06 [INFO] potato.server_utils.schemas.radio: Successfully generated radio layout for race_ethnicity_signal with 3 options
2026-09-29 11:27:06 [INFO] potato.server_utils.schemas.multiselect: Successfully generated multiselect layout for family_status with 5 options
2026-09-29 11:27:06 [INFO] potato.server_utils.schemas.radio: Successfully generated radio layout for education_level with 7 options
2026-09-29 11:27:06 [INFO] potato.server_utils.schemas.multiselect: Successfully generated multiselect layout for bias_categories with 12 options
2026-09-29 11:27:06 [INFO] potato.server_utils.schemas.radio: Successfully generated radio layout for verdict_age with 2 options
2026-09-29 11:27:06 [INFO] potato.server_utils.schemas.radio: Successfully generated radio layout for verdict_gender with 2 options
2026-09-29 11:27:06 [INFO] potato.server_utils.schemas.radio: Successfully generated radio layout for verdict_race_ethnicity with 2 options
2026-09-29 11:27:06 [INFO] potato.server_utils.schemas.radio: Successfully generated radio layout for verdict_lgbtq with 2 options
2026-09-29 11:27:06 [INFO] potato.server_utils.schemas.radio: Successfully generated radio layout for verdict_family_status with 2 options
2026-09-29 11:27:06 [INFO] potato.server_utils.schemas.radio: Successfully generated radio layout for verdict_disability with 2 options
2026-09-29 11:27:06 [INFO] potato.server_utils.schemas.radio: Successfully generated radio layout for verdict_socioeconomic with 2 options
2026-09-29 11:27:06 [INFO] potato.server_utils.schemas.radio: Successfully generated radio layout for verdict_appearance with 2 options
2026-09-29 11:27:06 [INFO] potato.server_utils.schemas.radio: Successfully generated radio layout for verdict_proximity with 3 options
2026-09-29 11:27:06 [INFO] potato.server_utils.schemas.radio: Successfully generated radio layout for verdict_affinity with 2 options
2026-09-29 11:27:06 [INFO] potato.server_utils.schemas.radio: Successfully generated radio layout for verdict_education with 3 options
2026-09-29 11:27:06 [INFO] potato.server_utils.schemas.textbox: Successfully generated textbox layout for notes with 1 fields
2026-09-29 11:27:06 [INFO] server_utils.front_end: Hash mismatch (config or schema code changed), regenerating: /home/meghss/Project_Biases_in_Job_Descriptions/annotation_task/layouts/task_layout.html
2026-09-29 11:27:06 [INFO] server_utils.front_end: Annotation layout file not found or hash mismatch, generating: /home/meghss/Project_Biases_in_Job_Descriptions/annotation_task/layouts/task_layout.html
2026-09-29 11:27:06 [INFO] potato.server_utils.schemas.radio: Successfully generated radio layout for gender with 4 options
2026-09-29 11:27:06 [INFO] potato.server_utils.schemas.radio: Successfully generated radio layout for pronouns with 5 options
2026-09-29 11:27:06 [INFO] potato.server_utils.schemas.number: Successfully generated number layout for age
2026-09-29 11:27:06 [INFO] potato.server_utils.schemas.radio: Successfully generated radio layout for race_ethnicity_signal with 3 options
2026-09-29 11:27:06 [INFO] potato.server_utils.schemas.multiselect: Successfully generated multiselect layout for family_status with 5 options
2026-09-29 11:27:06 [INFO] potato.server_utils.schemas.radio: Successfully generated radio layout for education_level with 7 options
2026-09-29 11:27:06 [INFO] potato.server_utils.schemas.multiselect: Successfully generated multiselect layout for bias_categories with 12 options
2026-09-29 11:27:06 [INFO] potato.server_utils.schemas.radio: Successfully generated radio layout for verdict_age with 2 options
2026-09-29 11:27:06 [INFO] potato.server_utils.schemas.radio: Successfully generated radio layout for verdict_gender with 2 options
2026-09-29 11:27:06 [INFO] potato.server_utils.schemas.radio: Successfully generated radio layout for verdict_race_ethnicity with 2 options
2026-09-29 11:27:06 [INFO] potato.server_utils.schemas.radio: Successfully generated radio layout for verdict_lgbtq with 2 options
2026-09-29 11:27:06 [INFO] potato.server_utils.schemas.radio: Successfully generated radio layout for verdict_family_status with 2 options
2026-09-29 11:27:06 [INFO] potato.server_utils.schemas.radio: Successfully generated radio layout for verdict_disability with 2 options
2026-09-29 11:27:06 [INFO] potato.server_utils.schemas.radio: Successfully generated radio layout for verdict_socioeconomic with 2 options
2026-09-29 11:27:06 [INFO] potato.server_utils.schemas.radio: Successfully generated radio layout for verdict_appearance with 2 options
2026-09-29 11:27:06 [INFO] potato.server_utils.schemas.radio: Successfully generated radio layout for verdict_proximity with 3 options
2026-09-29 11:27:06 [INFO] potato.server_utils.schemas.radio: Successfully generated radio layout for verdict_affinity with 2 options
2026-09-29 11:27:06 [INFO] potato.server_utils.schemas.radio: Successfully generated radio layout for verdict_education with 3 options
2026-09-29 11:27:06 [INFO] potato.server_utils.schemas.textbox: Successfully generated textbox layout for notes with 1 fields
2026-09-29 11:27:06 [INFO] server_utils.front_end: Generated annotation layout file: /home/meghss/Project_Biases_in_Job_Descriptions/annotation_task/layouts/task_layout.html
2026-09-29 11:27:06 [INFO] potato.server_utils.schemas.radio: Successfully generated radio layout for gender with 4 options
2026-09-29 11:27:06 [INFO] potato.server_utils.schemas.radio: Successfully generated radio layout for pronouns with 5 options
2026-09-29 11:27:06 [INFO] potato.server_utils.schemas.number: Successfully generated number layout for age
2026-09-29 11:27:06 [INFO] potato.server_utils.schemas.radio: Successfully generated radio layout for race_ethnicity_signal with 3 options
2026-09-29 11:27:06 [INFO] potato.server_utils.schemas.multiselect: Successfully generated multiselect layout for family_status with 5 options
2026-09-29 11:27:06 [INFO] potato.server_utils.schemas.radio: Successfully generated radio layout for education_level with 7 options
2026-09-29 11:27:06 [INFO] potato.server_utils.schemas.multiselect: Successfully generated multiselect layout for bias_categories with 12 options
2026-09-29 11:27:06 [INFO] potato.server_utils.schemas.radio: Successfully generated radio layout for verdict_age with 2 options
2026-09-29 11:27:06 [INFO] potato.server_utils.schemas.radio: Successfully generated radio layout for verdict_gender with 2 options
2026-09-29 11:27:06 [INFO] potato.server_utils.schemas.radio: Successfully generated radio layout for verdict_race_ethnicity with 2 options
2026-09-29 11:27:06 [INFO] potato.server_utils.schemas.radio: Successfully generated radio layout for verdict_lgbtq with 2 options
2026-09-29 11:27:06 [INFO] potato.server_utils.schemas.radio: Successfully generated radio layout for verdict_family_status with 2 options
2026-09-29 11:27:06 [INFO] potato.server_utils.schemas.radio: Successfully generated radio layout for verdict_disability with 2 options
2026-09-29 11:27:06 [INFO] potato.server_utils.schemas.radio: Successfully generated radio layout for verdict_socioeconomic with 2 options
2026-09-29 11:27:06 [INFO] potato.server_utils.schemas.radio: Successfully generated radio layout for verdict_appearance with 2 options
2026-09-29 11:27:06 [INFO] potato.server_utils.schemas.radio: Successfully generated radio layout for verdict_proximity with 3 options
2026-09-29 11:27:06 [INFO] potato.server_utils.schemas.radio: Successfully generated radio layout for verdict_affinity with 2 options
2026-09-29 11:27:06 [INFO] potato.server_utils.schemas.radio: Successfully generated radio layout for verdict_education with 3 options
2026-09-29 11:27:06 [INFO] potato.server_utils.schemas.textbox: Successfully generated textbox layout for notes with 1 fields
2026-09-29 11:27:06 [INFO] potato.flask_server: Loaded user data for 0 users
2026-09-29 11:27:06 [INFO] potato.server_utils.schemas.radio: Successfully generated radio layout for gender with 4 options
2026-09-29 11:27:06 [INFO] potato.server_utils.schemas.radio: Successfully generated radio layout for pronouns with 5 options
2026-09-29 11:27:06 [INFO] potato.server_utils.schemas.number: Successfully generated number layout for age
2026-09-29 11:27:06 [INFO] potato.server_utils.schemas.radio: Successfully generated radio layout for race_ethnicity_signal with 3 options
2026-09-29 11:27:06 [INFO] potato.server_utils.schemas.multiselect: Successfully generated multiselect layout for family_status with 5 options
2026-09-29 11:27:06 [INFO] potato.server_utils.schemas.radio: Successfully generated radio layout for education_level with 7 options
2026-09-29 11:27:06 [INFO] potato.server_utils.schemas.multiselect: Successfully generated multiselect layout for bias_categories with 12 options
2026-09-29 11:27:06 [INFO] potato.server_utils.schemas.radio: Successfully generated radio layout for verdict_age with 2 options
2026-09-29 11:27:06 [INFO] potato.server_utils.schemas.radio: Successfully generated radio layout for verdict_gender with 2 options
2026-09-29 11:27:06 [INFO] potato.server_utils.schemas.radio: Successfully generated radio layout for verdict_race_ethnicity with 2 options
2026-09-29 11:27:06 [INFO] potato.server_utils.schemas.radio: Successfully generated radio layout for verdict_lgbtq with 2 options
2026-09-29 11:27:06 [INFO] potato.server_utils.schemas.radio: Successfully generated radio layout for verdict_family_status with 2 options
2026-09-29 11:27:06 [INFO] potato.server_utils.schemas.radio: Successfully generated radio layout for verdict_disability with 2 options
2026-09-29 11:27:06 [INFO] potato.server_utils.schemas.radio: Successfully generated radio layout for verdict_socioeconomic with 2 options
2026-09-29 11:27:06 [INFO] potato.server_utils.schemas.radio: Successfully generated radio layout for verdict_appearance with 2 options
2026-09-29 11:27:06 [INFO] potato.server_utils.schemas.radio: Successfully generated radio layout for verdict_proximity with 3 options
2026-09-29 11:27:06 [INFO] potato.server_utils.schemas.radio: Successfully generated radio layout for verdict_affinity with 2 options
2026-09-29 11:27:06 [INFO] potato.server_utils.schemas.radio: Successfully generated radio layout for verdict_education with 3 options
2026-09-29 11:27:06 [INFO] potato.server_utils.schemas.textbox: Successfully generated textbox layout for notes with 1 fields
2026-09-29 11:27:06 [INFO] server_utils.front_end: Hash mismatch (config or schema code changed), regenerating: /home/meghss/Project_Biases_in_Job_Descriptions/annotation_task/layouts/task_layout_annotation.html
2026-09-29 11:27:06 [INFO] server_utils.front_end: Annotation layout file not found or hash mismatch, generating: /home/meghss/Project_Biases_in_Job_Descriptions/annotation_task/layouts/task_layout_annotation.html
2026-09-29 11:27:06 [INFO] potato.server_utils.schemas.radio: Successfully generated radio layout for gender with 4 options
2026-09-29 11:27:06 [INFO] potato.server_utils.schemas.radio: Successfully generated radio layout for pronouns with 5 options
2026-09-29 11:27:06 [INFO] potato.server_utils.schemas.number: Successfully generated number layout for age
2026-09-29 11:27:06 [INFO] potato.server_utils.schemas.radio: Successfully generated radio layout for race_ethnicity_signal with 3 options
2026-09-29 11:27:06 [INFO] potato.server_utils.schemas.multiselect: Successfully generated multiselect layout for family_status with 5 options
2026-09-29 11:27:06 [INFO] potato.server_utils.schemas.radio: Successfully generated radio layout for education_level with 7 options
2026-09-29 11:27:06 [INFO] potato.server_utils.schemas.multiselect: Successfully generated multiselect layout for bias_categories with 12 options
2026-09-29 11:27:06 [INFO] potato.server_utils.schemas.radio: Successfully generated radio layout for verdict_age with 2 options
2026-09-29 11:27:06 [INFO] potato.server_utils.schemas.radio: Successfully generated radio layout for verdict_gender with 2 options
2026-09-29 11:27:06 [INFO] potato.server_utils.schemas.radio: Successfully generated radio layout for verdict_race_ethnicity with 2 options
2026-09-29 11:27:06 [INFO] potato.server_utils.schemas.radio: Successfully generated radio layout for verdict_lgbtq with 2 options
2026-09-29 11:27:06 [INFO] potato.server_utils.schemas.radio: Successfully generated radio layout for verdict_family_status with 2 options
2026-09-29 11:27:06 [INFO] potato.server_utils.schemas.radio: Successfully generated radio layout for verdict_disability with 2 options
2026-09-29 11:27:06 [INFO] potato.server_utils.schemas.radio: Successfully generated radio layout for verdict_socioeconomic with 2 options
2026-09-29 11:27:06 [INFO] potato.server_utils.schemas.radio: Successfully generated radio layout for verdict_appearance with 2 options
2026-09-29 11:27:06 [INFO] potato.server_utils.schemas.radio: Successfully generated radio layout for verdict_proximity with 3 options
2026-09-29 11:27:06 [INFO] potato.server_utils.schemas.radio: Successfully generated radio layout for verdict_affinity with 2 options
2026-09-29 11:27:06 [INFO] potato.server_utils.schemas.radio: Successfully generated radio layout for verdict_education with 3 options
2026-09-29 11:27:06 [INFO] potato.server_utils.schemas.textbox: Successfully generated textbox layout for notes with 1 fields
2026-09-29 11:27:06 [INFO] server_utils.front_end: Generated annotation layout file: /home/meghss/Project_Biases_in_Job_Descriptions/annotation_task/layouts/task_layout_annotation.html
2026-09-29 11:27:06 [INFO] potato.persistence.sqlite: Opened SQLite project DB: /home/meghss/Project_Biases_in_Job_Descriptions/annotation_task/project.sqlite
2026-09-29 11:27:08 [INFO] potato.search.fts5: FTS5 indexed 70 instances for /home/meghss/Project_Biases_in_Job_Descriptions/annotation_task
2026-09-29 11:27:08 [INFO] potato.flask_server: Knowledge base manager initialized
2026-09-29 11:27:08 [INFO] potato.flask_server: Password authentication required: True
2026-09-29 11:27:08 [INFO] potato.server_utils.html_sanitizer: Registered HTML sanitization Jinja2 filters
2026-09-29 11:27:11 [INFO] potato.flask_server: Registered dataset-publishing blueprint
2026-09-29 11:27:29 [INFO] potato.authentication: Initialized UserAuthenticator with method: in_memory, require_password: True
2026-09-29 11:27:29 [INFO] potato.item_state_management: ItemStateManager initialized with random_seed=1234
2026-09-29 11:27:29 [INFO] server_utils.front_end: Generating anntotation site at /opt/anaconda/lib/python3.12/site-packages/potato/templates
2026-09-29 11:27:29 [INFO] potato.server_utils.generated_templates: Generated templates directory: /tmp/potato-templates-8b168e4e24f1 (/opt/anaconda/lib/python3.12/site-packages/potato/templates is not writable (a non-root install or a read-only filesystem))
2026-09-29 11:27:29 [INFO] potato.server_utils.schemas.radio: Successfully generated radio layout for gender with 4 options
2026-09-29 11:27:29 [INFO] potato.server_utils.schemas.radio: Successfully generated radio layout for pronouns with 5 options
2026-09-29 11:27:29 [INFO] potato.server_utils.schemas.number: Successfully generated number layout for age
2026-09-29 11:27:29 [INFO] potato.server_utils.schemas.radio: Successfully generated radio layout for race_ethnicity_signal with 3 options
2026-09-29 11:27:29 [INFO] potato.server_utils.schemas.multiselect: Successfully generated multiselect layout for family_status with 5 options
2026-09-29 11:27:29 [INFO] potato.server_utils.schemas.radio: Successfully generated radio layout for education_level with 7 options
2026-09-29 11:27:29 [INFO] potato.server_utils.schemas.multiselect: Successfully generated multiselect layout for bias_categories with 12 options
2026-09-29 11:27:29 [INFO] potato.server_utils.schemas.radio: Successfully generated radio layout for verdict_age with 2 options
2026-09-29 11:27:29 [INFO] potato.server_utils.schemas.radio: Successfully generated radio layout for verdict_gender with 2 options
2026-09-29 11:27:29 [INFO] potato.server_utils.schemas.radio: Successfully generated radio layout for verdict_race_ethnicity with 2 options
2026-09-29 11:27:29 [INFO] potato.server_utils.schemas.radio: Successfully generated radio layout for verdict_lgbtq with 2 options
2026-09-29 11:27:29 [INFO] potato.server_utils.schemas.radio: Successfully generated radio layout for verdict_family_status with 2 options
2026-09-29 11:27:29 [INFO] potato.server_utils.schemas.radio: Successfully generated radio layout for verdict_disability with 2 options
2026-09-29 11:27:29 [INFO] potato.server_utils.schemas.radio: Successfully generated radio layout for verdict_socioeconomic with 2 options
2026-09-29 11:27:29 [INFO] potato.server_utils.schemas.radio: Successfully generated radio layout for verdict_appearance with 2 options
2026-09-29 11:27:29 [INFO] potato.server_utils.schemas.radio: Successfully generated radio layout for verdict_proximity with 3 options
2026-09-29 11:27:29 [INFO] potato.server_utils.schemas.radio: Successfully generated radio layout for verdict_affinity with 2 options
2026-09-29 11:27:29 [INFO] potato.server_utils.schemas.radio: Successfully generated radio layout for verdict_education with 3 options
2026-09-29 11:27:29 [INFO] potato.server_utils.schemas.textbox: Successfully generated textbox layout for notes with 1 fields
2026-09-29 11:27:29 [INFO] server_utils.front_end: Hash mismatch (config or schema code changed), regenerating: /home/meghss/Project_Biases_in_Job_Descriptions/annotation_task/layouts/task_layout.html
2026-09-29 11:27:29 [INFO] server_utils.front_end: Annotation layout file not found or hash mismatch, generating: /home/meghss/Project_Biases_in_Job_Descriptions/annotation_task/layouts/task_layout.html
2026-09-29 11:27:29 [INFO] potato.server_utils.schemas.radio: Successfully generated radio layout for gender with 4 options
2026-09-29 11:27:29 [INFO] potato.server_utils.schemas.radio: Successfully generated radio layout for pronouns with 5 options
2026-09-29 11:27:29 [INFO] potato.server_utils.schemas.number: Successfully generated number layout for age
2026-09-29 11:27:29 [INFO] potato.server_utils.schemas.radio: Successfully generated radio layout for race_ethnicity_signal with 3 options
2026-09-29 11:27:29 [INFO] potato.server_utils.schemas.multiselect: Successfully generated multiselect layout for family_status with 5 options
2026-09-29 11:27:29 [INFO] potato.server_utils.schemas.radio: Successfully generated radio layout for education_level with 7 options
2026-09-29 11:27:29 [INFO] potato.server_utils.schemas.multiselect: Successfully generated multiselect layout for bias_categories with 12 options
2026-09-29 11:27:29 [INFO] potato.server_utils.schemas.radio: Successfully generated radio layout for verdict_age with 2 options
2026-09-29 11:27:29 [INFO] potato.server_utils.schemas.radio: Successfully generated radio layout for verdict_gender with 2 options
2026-09-29 11:27:29 [INFO] potato.server_utils.schemas.radio: Successfully generated radio layout for verdict_race_ethnicity with 2 options
2026-09-29 11:27:29 [INFO] potato.server_utils.schemas.radio: Successfully generated radio layout for verdict_lgbtq with 2 options
2026-09-29 11:27:29 [INFO] potato.server_utils.schemas.radio: Successfully generated radio layout for verdict_family_status with 2 options
2026-09-29 11:27:29 [INFO] potato.server_utils.schemas.radio: Successfully generated radio layout for verdict_disability with 2 options
2026-09-29 11:27:29 [INFO] potato.server_utils.schemas.radio: Successfully generated radio layout for verdict_socioeconomic with 2 options
2026-09-29 11:27:29 [INFO] potato.server_utils.schemas.radio: Successfully generated radio layout for verdict_appearance with 2 options
2026-09-29 11:27:29 [INFO] potato.server_utils.schemas.radio: Successfully generated radio layout for verdict_proximity with 3 options
2026-09-29 11:27:29 [INFO] potato.server_utils.schemas.radio: Successfully generated radio layout for verdict_affinity with 2 options
2026-09-29 11:27:29 [INFO] potato.server_utils.schemas.radio: Successfully generated radio layout for verdict_education with 3 options
2026-09-29 11:27:29 [INFO] potato.server_utils.schemas.textbox: Successfully generated textbox layout for notes with 1 fields
2026-09-29 11:27:29 [INFO] server_utils.front_end: Generated annotation layout file: /home/meghss/Project_Biases_in_Job_Descriptions/annotation_task/layouts/task_layout.html
2026-09-29 11:27:29 [INFO] potato.server_utils.schemas.radio: Successfully generated radio layout for gender with 4 options
2026-09-29 11:27:29 [INFO] potato.server_utils.schemas.radio: Successfully generated radio layout for pronouns with 5 options
2026-09-29 11:27:29 [INFO] potato.server_utils.schemas.number: Successfully generated number layout for age
2026-09-29 11:27:29 [INFO] potato.server_utils.schemas.radio: Successfully generated radio layout for race_ethnicity_signal with 3 options
2026-09-29 11:27:29 [INFO] potato.server_utils.schemas.multiselect: Successfully generated multiselect layout for family_status with 5 options
2026-09-29 11:27:29 [INFO] potato.server_utils.schemas.radio: Successfully generated radio layout for education_level with 7 options
2026-09-29 11:27:29 [INFO] potato.server_utils.schemas.multiselect: Successfully generated multiselect layout for bias_categories with 12 options
2026-09-29 11:27:29 [INFO] potato.server_utils.schemas.radio: Successfully generated radio layout for verdict_age with 2 options
2026-09-29 11:27:29 [INFO] potato.server_utils.schemas.radio: Successfully generated radio layout for verdict_gender with 2 options
2026-09-29 11:27:29 [INFO] potato.server_utils.schemas.radio: Successfully generated radio layout for verdict_race_ethnicity with 2 options
2026-09-29 11:27:29 [INFO] potato.server_utils.schemas.radio: Successfully generated radio layout for verdict_lgbtq with 2 options
2026-09-29 11:27:29 [INFO] potato.server_utils.schemas.radio: Successfully generated radio layout for verdict_family_status with 2 options
2026-09-29 11:27:29 [INFO] potato.server_utils.schemas.radio: Successfully generated radio layout for verdict_disability with 2 options
2026-09-29 11:27:29 [INFO] potato.server_utils.schemas.radio: Successfully generated radio layout for verdict_socioeconomic with 2 options
2026-09-29 11:27:29 [INFO] potato.server_utils.schemas.radio: Successfully generated radio layout for verdict_appearance with 2 options
2026-09-29 11:27:29 [INFO] potato.server_utils.schemas.radio: Successfully generated radio layout for verdict_proximity with 3 options
2026-09-29 11:27:29 [INFO] potato.server_utils.schemas.radio: Successfully generated radio layout for verdict_affinity with 2 options
2026-09-29 11:27:29 [INFO] potato.server_utils.schemas.radio: Successfully generated radio layout for verdict_education with 3 options
2026-09-29 11:27:29 [INFO] potato.server_utils.schemas.textbox: Successfully generated textbox layout for notes with 1 fields
2026-09-29 11:27:29 [INFO] potato.flask_server: Loaded user data for 0 users
2026-09-29 11:27:29 [INFO] potato.server_utils.schemas.radio: Successfully generated radio layout for gender with 4 options
2026-09-29 11:27:29 [INFO] potato.server_utils.schemas.radio: Successfully generated radio layout for pronouns with 5 options
2026-09-29 11:27:29 [INFO] potato.server_utils.schemas.number: Successfully generated number layout for age
2026-09-29 11:27:29 [INFO] potato.server_utils.schemas.radio: Successfully generated radio layout for race_ethnicity_signal with 3 options
2026-09-29 11:27:29 [INFO] potato.server_utils.schemas.multiselect: Successfully generated multiselect layout for family_status with 5 options
2026-09-29 11:27:29 [INFO] potato.server_utils.schemas.radio: Successfully generated radio layout for education_level with 7 options
2026-09-29 11:27:29 [INFO] potato.server_utils.schemas.multiselect: Successfully generated multiselect layout for bias_categories with 12 options
2026-09-29 11:27:29 [INFO] potato.server_utils.schemas.radio: Successfully generated radio layout for verdict_age with 2 options
2026-09-29 11:27:29 [INFO] potato.server_utils.schemas.radio: Successfully generated radio layout for verdict_gender with 2 options
2026-09-29 11:27:29 [INFO] potato.server_utils.schemas.radio: Successfully generated radio layout for verdict_race_ethnicity with 2 options
2026-09-29 11:27:29 [INFO] potato.server_utils.schemas.radio: Successfully generated radio layout for verdict_lgbtq with 2 options
2026-09-29 11:27:29 [INFO] potato.server_utils.schemas.radio: Successfully generated radio layout for verdict_family_status with 2 options
2026-09-29 11:27:29 [INFO] potato.server_utils.schemas.radio: Successfully generated radio layout for verdict_disability with 2 options
2026-09-29 11:27:29 [INFO] potato.server_utils.schemas.radio: Successfully generated radio layout for verdict_socioeconomic with 2 options
2026-09-29 11:27:29 [INFO] potato.server_utils.schemas.radio: Successfully generated radio layout for verdict_appearance with 2 options
2026-09-29 11:27:29 [INFO] potato.server_utils.schemas.radio: Successfully generated radio layout for verdict_proximity with 3 options
2026-09-29 11:27:29 [INFO] potato.server_utils.schemas.radio: Successfully generated radio layout for verdict_affinity with 2 options
2026-09-29 11:27:29 [INFO] potato.server_utils.schemas.radio: Successfully generated radio layout for verdict_education with 3 options
2026-09-29 11:27:29 [INFO] potato.server_utils.schemas.textbox: Successfully generated textbox layout for notes with 1 fields
2026-09-29 11:27:29 [INFO] server_utils.front_end: Hash mismatch (config or schema code changed), regenerating: /home/meghss/Project_Biases_in_Job_Descriptions/annotation_task/layouts/task_layout_annotation.html
2026-09-29 11:27:29 [INFO] server_utils.front_end: Annotation layout file not found or hash mismatch, generating: /home/meghss/Project_Biases_in_Job_Descriptions/annotation_task/layouts/task_layout_annotation.html
2026-09-29 11:27:29 [INFO] potato.server_utils.schemas.radio: Successfully generated radio layout for gender with 4 options
2026-09-29 11:27:29 [INFO] potato.server_utils.schemas.radio: Successfully generated radio layout for pronouns with 5 options
2026-09-29 11:27:29 [INFO] potato.server_utils.schemas.number: Successfully generated number layout for age
2026-09-29 11:27:29 [INFO] potato.server_utils.schemas.radio: Successfully generated radio layout for race_ethnicity_signal with 3 options
2026-09-29 11:27:29 [INFO] potato.server_utils.schemas.multiselect: Successfully generated multiselect layout for family_status with 5 options
2026-09-29 11:27:29 [INFO] potato.server_utils.schemas.radio: Successfully generated radio layout for education_level with 7 options
2026-09-29 11:27:29 [INFO] potato.server_utils.schemas.multiselect: Successfully generated multiselect layout for bias_categories with 12 options
2026-09-29 11:27:29 [INFO] potato.server_utils.schemas.radio: Successfully generated radio layout for verdict_age with 2 options
2026-09-29 11:27:29 [INFO] potato.server_utils.schemas.radio: Successfully generated radio layout for verdict_gender with 2 options
2026-09-29 11:27:29 [INFO] potato.server_utils.schemas.radio: Successfully generated radio layout for verdict_race_ethnicity with 2 options
2026-09-29 11:27:29 [INFO] potato.server_utils.schemas.radio: Successfully generated radio layout for verdict_lgbtq with 2 options
2026-09-29 11:27:29 [INFO] potato.server_utils.schemas.radio: Successfully generated radio layout for verdict_family_status with 2 options
2026-09-29 11:27:29 [INFO] potato.server_utils.schemas.radio: Successfully generated radio layout for verdict_disability with 2 options
2026-09-29 11:27:29 [INFO] potato.server_utils.schemas.radio: Successfully generated radio layout for verdict_socioeconomic with 2 options
2026-09-29 11:27:29 [INFO] potato.server_utils.schemas.radio: Successfully generated radio layout for verdict_appearance with 2 options
2026-09-29 11:27:29 [INFO] potato.server_utils.schemas.radio: Successfully generated radio layout for verdict_proximity with 3 options
2026-09-29 11:27:29 [INFO] potato.server_utils.schemas.radio: Successfully generated radio layout for verdict_affinity with 2 options
2026-09-29 11:27:29 [INFO] potato.server_utils.schemas.radio: Successfully generated radio layout for verdict_education with 3 options
2026-09-29 11:27:29 [INFO] potato.server_utils.schemas.textbox: Successfully generated textbox layout for notes with 1 fields
2026-09-29 11:27:29 [INFO] server_utils.front_end: Generated annotation layout file: /home/meghss/Project_Biases_in_Job_Descriptions/annotation_task/layouts/task_layout_annotation.html
2026-09-29 11:27:29 [INFO] potato.persistence.sqlite: Opened SQLite project DB: /home/meghss/Project_Biases_in_Job_Descriptions/annotation_task/project.sqlite
2026-09-29 11:27:31 [INFO] potato.search.fts5: FTS5 indexed 70 instances for /home/meghss/Project_Biases_in_Job_Descriptions/annotation_task
2026-09-29 11:27:31 [INFO] potato.flask_server: Knowledge base manager initialized
2026-09-29 11:27:31 [INFO] potato.flask_server: Password authentication required: True
2026-09-29 11:27:31 [INFO] potato.server_utils.html_sanitizer: Registered HTML sanitization Jinja2 filters
2026-09-29 11:27:35 [INFO] potato.flask_server: Registered dataset-publishing blueprint
2026-09-29 11:27:57 [INFO] potato.authentication: Initialized UserAuthenticator with method: in_memory, require_password: True
2026-09-29 11:27:57 [INFO] potato.item_state_management: ItemStateManager initialized with random_seed=1234
2026-09-29 11:27:57 [INFO] server_utils.front_end: Generating anntotation site at /opt/anaconda/lib/python3.12/site-packages/potato/templates
2026-09-29 11:27:57 [INFO] potato.server_utils.generated_templates: Generated templates directory: /tmp/potato-templates-8b168e4e24f1 (/opt/anaconda/lib/python3.12/site-packages/potato/templates is not writable (a non-root install or a read-only filesystem))
2026-09-29 11:27:57 [INFO] potato.server_utils.schemas.radio: Successfully generated radio layout for gender with 4 options
2026-09-29 11:27:57 [INFO] potato.server_utils.schemas.radio: Successfully generated radio layout for pronouns with 5 options
2026-09-29 11:27:57 [INFO] potato.server_utils.schemas.number: Successfully generated number layout for age
2026-09-29 11:27:57 [INFO] potato.server_utils.schemas.radio: Successfully generated radio layout for race_ethnicity_signal with 3 options
2026-09-29 11:27:57 [INFO] potato.server_utils.schemas.multiselect: Successfully generated multiselect layout for family_status with 5 options
2026-09-29 11:27:57 [INFO] potato.server_utils.schemas.radio: Successfully generated radio layout for education_level with 7 options
2026-09-29 11:27:57 [INFO] potato.server_utils.schemas.multiselect: Successfully generated multiselect layout for bias_categories with 12 options
2026-09-29 11:27:57 [INFO] potato.server_utils.schemas.radio: Successfully generated radio layout for verdict_age with 2 options
2026-09-29 11:27:57 [INFO] potato.server_utils.schemas.radio: Successfully generated radio layout for verdict_gender with 2 options
2026-09-29 11:27:57 [INFO] potato.server_utils.schemas.radio: Successfully generated radio layout for verdict_race_ethnicity with 2 options
2026-09-29 11:27:57 [INFO] potato.server_utils.schemas.radio: Successfully generated radio layout for verdict_lgbtq with 2 options
2026-09-29 11:27:57 [INFO] potato.server_utils.schemas.radio: Successfully generated radio layout for verdict_family_status with 2 options
2026-09-29 11:27:57 [INFO] potato.server_utils.schemas.radio: Successfully generated radio layout for verdict_disability with 2 options
2026-09-29 11:27:57 [INFO] potato.server_utils.schemas.radio: Successfully generated radio layout for verdict_socioeconomic with 2 options
2026-09-29 11:27:57 [INFO] potato.server_utils.schemas.radio: Successfully generated radio layout for verdict_appearance with 2 options
2026-09-29 11:27:57 [INFO] potato.server_utils.schemas.radio: Successfully generated radio layout for verdict_proximity with 3 options
2026-09-29 11:27:57 [INFO] potato.server_utils.schemas.radio: Successfully generated radio layout for verdict_affinity with 2 options
2026-09-29 11:27:57 [INFO] potato.server_utils.schemas.radio: Successfully generated radio layout for verdict_education with 3 options
2026-09-29 11:27:57 [INFO] potato.server_utils.schemas.textbox: Successfully generated textbox layout for notes with 1 fields
2026-09-29 11:27:57 [INFO] server_utils.front_end: Hash mismatch (config or schema code changed), regenerating: /home/meghss/Project_Biases_in_Job_Descriptions/annotation_task/layouts/task_layout.html
2026-09-29 11:27:57 [INFO] server_utils.front_end: Annotation layout file not found or hash mismatch, generating: /home/meghss/Project_Biases_in_Job_Descriptions/annotation_task/layouts/task_layout.html
2026-09-29 11:27:57 [INFO] potato.server_utils.schemas.radio: Successfully generated radio layout for gender with 4 options
2026-09-29 11:27:57 [INFO] potato.server_utils.schemas.radio: Successfully generated radio layout for pronouns with 5 options
2026-09-29 11:27:57 [INFO] potato.server_utils.schemas.number: Successfully generated number layout for age
2026-09-29 11:27:57 [INFO] potato.server_utils.schemas.radio: Successfully generated radio layout for race_ethnicity_signal with 3 options
2026-09-29 11:27:57 [INFO] potato.server_utils.schemas.multiselect: Successfully generated multiselect layout for family_status with 5 options
2026-09-29 11:27:57 [INFO] potato.server_utils.schemas.radio: Successfully generated radio layout for education_level with 7 options
2026-09-29 11:27:57 [INFO] potato.server_utils.schemas.multiselect: Successfully generated multiselect layout for bias_categories with 12 options
2026-09-29 11:27:58 [INFO] potato.server_utils.schemas.radio: Successfully generated radio layout for verdict_age with 2 options
2026-09-29 11:27:58 [INFO] potato.server_utils.schemas.radio: Successfully generated radio layout for verdict_gender with 2 options
2026-09-29 11:27:58 [INFO] potato.server_utils.schemas.radio: Successfully generated radio layout for verdict_race_ethnicity with 2 options
2026-09-29 11:27:58 [INFO] potato.server_utils.schemas.radio: Successfully generated radio layout for verdict_lgbtq with 2 options
2026-09-29 11:27:58 [INFO] potato.server_utils.schemas.radio: Successfully generated radio layout for verdict_family_status with 2 options
2026-09-29 11:27:58 [INFO] potato.server_utils.schemas.radio: Successfully generated radio layout for verdict_disability with 2 options
2026-09-29 11:27:58 [INFO] potato.server_utils.schemas.radio: Successfully generated radio layout for verdict_socioeconomic with 2 options
2026-09-29 11:27:58 [INFO] potato.server_utils.schemas.radio: Successfully generated radio layout for verdict_appearance with 2 options
2026-09-29 11:27:58 [INFO] potato.server_utils.schemas.radio: Successfully generated radio layout for verdict_proximity with 3 options
2026-09-29 11:27:58 [INFO] potato.server_utils.schemas.radio: Successfully generated radio layout for verdict_affinity with 2 options
2026-09-29 11:27:58 [INFO] potato.server_utils.schemas.radio: Successfully generated radio layout for verdict_education with 3 options
2026-09-29 11:27:58 [INFO] potato.server_utils.schemas.textbox: Successfully generated textbox layout for notes with 1 fields
2026-09-29 11:27:58 [INFO] server_utils.front_end: Generated annotation layout file: /home/meghss/Project_Biases_in_Job_Descriptions/annotation_task/layouts/task_layout.html
2026-09-29 11:27:58 [INFO] potato.server_utils.schemas.radio: Successfully generated radio layout for gender with 4 options
2026-09-29 11:27:58 [INFO] potato.server_utils.schemas.radio: Successfully generated radio layout for pronouns with 5 options
2026-09-29 11:27:58 [INFO] potato.server_utils.schemas.number: Successfully generated number layout for age
2026-09-29 11:27:58 [INFO] potato.server_utils.schemas.radio: Successfully generated radio layout for race_ethnicity_signal with 3 options
2026-09-29 11:27:58 [INFO] potato.server_utils.schemas.multiselect: Successfully generated multiselect layout for family_status with 5 options
2026-09-29 11:27:58 [INFO] potato.server_utils.schemas.radio: Successfully generated radio layout for education_level with 7 options
2026-09-29 11:27:58 [INFO] potato.server_utils.schemas.multiselect: Successfully generated multiselect layout for bias_categories with 12 options
2026-09-29 11:27:58 [INFO] potato.server_utils.schemas.radio: Successfully generated radio layout for verdict_age with 2 options
2026-09-29 11:27:58 [INFO] potato.server_utils.schemas.radio: Successfully generated radio layout for verdict_gender with 2 options
2026-09-29 11:27:58 [INFO] potato.server_utils.schemas.radio: Successfully generated radio layout for verdict_race_ethnicity with 2 options
2026-09-29 11:27:58 [INFO] potato.server_utils.schemas.radio: Successfully generated radio layout for verdict_lgbtq with 2 options
2026-09-29 11:27:58 [INFO] potato.server_utils.schemas.radio: Successfully generated radio layout for verdict_family_status with 2 options
2026-09-29 11:27:58 [INFO] potato.server_utils.schemas.radio: Successfully generated radio layout for verdict_disability with 2 options
2026-09-29 11:27:58 [INFO] potato.server_utils.schemas.radio: Successfully generated radio layout for verdict_socioeconomic with 2 options
2026-09-29 11:27:58 [INFO] potato.server_utils.schemas.radio: Successfully generated radio layout for verdict_appearance with 2 options
2026-09-29 11:27:58 [INFO] potato.server_utils.schemas.radio: Successfully generated radio layout for verdict_proximity with 3 options
2026-09-29 11:27:58 [INFO] potato.server_utils.schemas.radio: Successfully generated radio layout for verdict_affinity with 2 options
2026-09-29 11:27:58 [INFO] potato.server_utils.schemas.radio: Successfully generated radio layout for verdict_education with 3 options
2026-09-29 11:27:58 [INFO] potato.server_utils.schemas.textbox: Successfully generated textbox layout for notes with 1 fields
2026-09-29 11:27:58 [INFO] potato.flask_server: Loaded user data for 0 users
2026-09-29 11:27:58 [INFO] potato.server_utils.schemas.radio: Successfully generated radio layout for gender with 4 options
2026-09-29 11:27:58 [INFO] potato.server_utils.schemas.radio: Successfully generated radio layout for pronouns with 5 options
2026-09-29 11:27:58 [INFO] potato.server_utils.schemas.number: Successfully generated number layout for age
2026-09-29 11:27:58 [INFO] potato.server_utils.schemas.radio: Successfully generated radio layout for race_ethnicity_signal with 3 options
2026-09-29 11:27:58 [INFO] potato.server_utils.schemas.multiselect: Successfully generated multiselect layout for family_status with 5 options
2026-09-29 11:27:58 [INFO] potato.server_utils.schemas.radio: Successfully generated radio layout for education_level with 7 options
2026-09-29 11:27:58 [INFO] potato.server_utils.schemas.multiselect: Successfully generated multiselect layout for bias_categories with 12 options
2026-09-29 11:27:58 [INFO] potato.server_utils.schemas.radio: Successfully generated radio layout for verdict_age with 2 options
2026-09-29 11:27:58 [INFO] potato.server_utils.schemas.radio: Successfully generated radio layout for verdict_gender with 2 options
2026-09-29 11:27:58 [INFO] potato.server_utils.schemas.radio: Successfully generated radio layout for verdict_race_ethnicity with 2 options
2026-09-29 11:27:58 [INFO] potato.server_utils.schemas.radio: Successfully generated radio layout for verdict_lgbtq with 2 options
2026-09-29 11:27:58 [INFO] potato.server_utils.schemas.radio: Successfully generated radio layout for verdict_family_status with 2 options
2026-09-29 11:27:58 [INFO] potato.server_utils.schemas.radio: Successfully generated radio layout for verdict_disability with 2 options
2026-09-29 11:27:58 [INFO] potato.server_utils.schemas.radio: Successfully generated radio layout for verdict_socioeconomic with 2 options
2026-09-29 11:27:58 [INFO] potato.server_utils.schemas.radio: Successfully generated radio layout for verdict_appearance with 2 options
2026-09-29 11:27:58 [INFO] potato.server_utils.schemas.radio: Successfully generated radio layout for verdict_proximity with 3 options
2026-09-29 11:27:58 [INFO] potato.server_utils.schemas.radio: Successfully generated radio layout for verdict_affinity with 2 options
2026-09-29 11:27:58 [INFO] potato.server_utils.schemas.radio: Successfully generated radio layout for verdict_education with 3 options
2026-09-29 11:27:58 [INFO] potato.server_utils.schemas.textbox: Successfully generated textbox layout for notes with 1 fields
2026-09-29 11:27:58 [INFO] server_utils.front_end: Hash mismatch (config or schema code changed), regenerating: /home/meghss/Project_Biases_in_Job_Descriptions/annotation_task/layouts/task_layout_annotation.html
2026-09-29 11:27:58 [INFO] server_utils.front_end: Annotation layout file not found or hash mismatch, generating: /home/meghss/Project_Biases_in_Job_Descriptions/annotation_task/layouts/task_layout_annotation.html
2026-09-29 11:27:58 [INFO] potato.server_utils.schemas.radio: Successfully generated radio layout for gender with 4 options
2026-09-29 11:27:58 [INFO] potato.server_utils.schemas.radio: Successfully generated radio layout for pronouns with 5 options
2026-09-29 11:27:58 [INFO] potato.server_utils.schemas.number: Successfully generated number layout for age
2026-09-29 11:27:58 [INFO] potato.server_utils.schemas.radio: Successfully generated radio layout for race_ethnicity_signal with 3 options
2026-09-29 11:27:58 [INFO] potato.server_utils.schemas.multiselect: Successfully generated multiselect layout for family_status with 5 options
2026-09-29 11:27:58 [INFO] potato.server_utils.schemas.radio: Successfully generated radio layout for education_level with 7 options
2026-09-29 11:27:58 [INFO] potato.server_utils.schemas.multiselect: Successfully generated multiselect layout for bias_categories with 12 options
2026-09-29 11:27:58 [INFO] potato.server_utils.schemas.radio: Successfully generated radio layout for verdict_age with 2 options
2026-09-29 11:27:58 [INFO] potato.server_utils.schemas.radio: Successfully generated radio layout for verdict_gender with 2 options
2026-09-29 11:27:58 [INFO] potato.server_utils.schemas.radio: Successfully generated radio layout for verdict_race_ethnicity with 2 options
2026-09-29 11:27:58 [INFO] potato.server_utils.schemas.radio: Successfully generated radio layout for verdict_lgbtq with 2 options
2026-09-29 11:27:58 [INFO] potato.server_utils.schemas.radio: Successfully generated radio layout for verdict_family_status with 2 options
2026-09-29 11:27:58 [INFO] potato.server_utils.schemas.radio: Successfully generated radio layout for verdict_disability with 2 options
2026-09-29 11:27:58 [INFO] potato.server_utils.schemas.radio: Successfully generated radio layout for verdict_socioeconomic with 2 options
2026-09-29 11:27:58 [INFO] potato.server_utils.schemas.radio: Successfully generated radio layout for verdict_appearance with 2 options
2026-09-29 11:27:58 [INFO] potato.server_utils.schemas.radio: Successfully generated radio layout for verdict_proximity with 3 options
2026-09-29 11:27:58 [INFO] potato.server_utils.schemas.radio: Successfully generated radio layout for verdict_affinity with 2 options
2026-09-29 11:27:58 [INFO] potato.server_utils.schemas.radio: Successfully generated radio layout for verdict_education with 3 options
2026-09-29 11:27:58 [INFO] potato.server_utils.schemas.textbox: Successfully generated textbox layout for notes with 1 fields
2026-09-29 11:27:58 [INFO] server_utils.front_end: Generated annotation layout file: /home/meghss/Project_Biases_in_Job_Descriptions/annotation_task/layouts/task_layout_annotation.html
2026-09-29 11:27:58 [INFO] potato.persistence.sqlite: Opened SQLite project DB: /home/meghss/Project_Biases_in_Job_Descriptions/annotation_task/project.sqlite
2026-09-29 11:27:59 [INFO] potato.search.fts5: FTS5 indexed 70 instances for /home/meghss/Project_Biases_in_Job_Descriptions/annotation_task
2026-09-29 11:27:59 [INFO] potato.flask_server: Knowledge base manager initialized
2026-09-29 11:27:59 [INFO] potato.flask_server: Password authentication required: True
2026-09-29 11:27:59 [INFO] potato.server_utils.html_sanitizer: Registered HTML sanitization Jinja2 filters
2026-09-29 11:28:02 [INFO] potato.flask_server: Registered dataset-publishing blueprint
2026-09-29 11:30:02 [WARNING] potato.authentication: Authentication failed: user 'meghss' does not exist
2026-09-29 11:30:02 [WARNING] potato.flask_server: Login failed for user: meghss
2026-09-29 11:30:07 [INFO] potato.authentication: Accounts are stored in annotation_output_300/user_config.json. Keep it with the annotation output: without it, a restart forgets every account that signed up.
2026-09-29 11:30:08 [WARNING] potato.flask_server: User already logged in with username: meghss, redirecting to annotate
2026-09-29 11:34:14 [INFO] potato.authentication: Loading users from annotation_output_300/user_config.json
2026-09-29 11:34:14 [INFO] potato.authentication: Initialized UserAuthenticator with method: in_memory, require_password: True
2026-09-29 11:34:14 [INFO] potato.item_state_management: ItemStateManager initialized with random_seed=1234
2026-09-29 11:34:14 [INFO] server_utils.front_end: Generating anntotation site at /opt/anaconda/lib/python3.12/site-packages/potato/templates
2026-09-29 11:34:14 [INFO] potato.server_utils.generated_templates: Generated templates directory: /tmp/potato-templates-8b168e4e24f1 (/opt/anaconda/lib/python3.12/site-packages/potato/templates is not writable (a non-root install or a read-only filesystem))
2026-09-29 11:34:14 [INFO] potato.server_utils.schemas.radio: Successfully generated radio layout for gender with 4 options
2026-09-29 11:34:14 [INFO] potato.server_utils.schemas.radio: Successfully generated radio layout for pronouns with 5 options
2026-09-29 11:34:14 [INFO] potato.server_utils.schemas.number: Successfully generated number layout for age
2026-09-29 11:34:14 [INFO] potato.server_utils.schemas.radio: Successfully generated radio layout for race_ethnicity_signal with 3 options
2026-09-29 11:34:14 [INFO] potato.server_utils.schemas.multiselect: Successfully generated multiselect layout for family_status with 5 options
2026-09-29 11:34:14 [INFO] potato.server_utils.schemas.radio: Successfully generated radio layout for education_level with 7 options
2026-09-29 11:34:14 [INFO] potato.server_utils.schemas.multiselect: Successfully generated multiselect layout for bias_categories with 12 options
2026-09-29 11:34:14 [INFO] potato.server_utils.schemas.radio: Successfully generated radio layout for verdict_age with 2 options
2026-09-29 11:34:14 [INFO] potato.server_utils.schemas.radio: Successfully generated radio layout for verdict_gender with 2 options
2026-09-29 11:34:14 [INFO] potato.server_utils.schemas.radio: Successfully generated radio layout for verdict_race_ethnicity with 2 options
2026-09-29 11:34:14 [INFO] potato.server_utils.schemas.radio: Successfully generated radio layout for verdict_lgbtq with 2 options
2026-09-29 11:34:14 [INFO] potato.server_utils.schemas.radio: Successfully generated radio layout for verdict_family_status with 2 options
2026-09-29 11:34:14 [INFO] potato.server_utils.schemas.radio: Successfully generated radio layout for verdict_disability with 2 options
2026-09-29 11:34:14 [INFO] potato.server_utils.schemas.radio: Successfully generated radio layout for verdict_socioeconomic with 2 options
2026-09-29 11:34:14 [INFO] potato.server_utils.schemas.radio: Successfully generated radio layout for verdict_appearance with 2 options
2026-09-29 11:34:14 [INFO] potato.server_utils.schemas.radio: Successfully generated radio layout for verdict_proximity with 3 options
2026-09-29 11:34:14 [INFO] potato.server_utils.schemas.radio: Successfully generated radio layout for verdict_affinity with 2 options
2026-09-29 11:34:14 [INFO] potato.server_utils.schemas.radio: Successfully generated radio layout for verdict_education with 3 options
2026-09-29 11:34:14 [INFO] potato.server_utils.schemas.textbox: Successfully generated textbox layout for notes with 1 fields
2026-09-29 11:34:14 [INFO] server_utils.front_end: Hash mismatch (config or schema code changed), regenerating: /home/meghss/Project_Biases_in_Job_Descriptions/annotation_task/layouts/task_layout.html
2026-09-29 11:34:14 [INFO] server_utils.front_end: Annotation layout file not found or hash mismatch, generating: /home/meghss/Project_Biases_in_Job_Descriptions/annotation_task/layouts/task_layout.html
2026-09-29 11:34:14 [INFO] potato.server_utils.schemas.radio: Successfully generated radio layout for gender with 4 options
2026-09-29 11:34:14 [INFO] potato.server_utils.schemas.radio: Successfully generated radio layout for pronouns with 5 options
2026-09-29 11:34:14 [INFO] potato.server_utils.schemas.number: Successfully generated number layout for age
2026-09-29 11:34:14 [INFO] potato.server_utils.schemas.radio: Successfully generated radio layout for race_ethnicity_signal with 3 options
2026-09-29 11:34:14 [INFO] potato.server_utils.schemas.multiselect: Successfully generated multiselect layout for family_status with 5 options
2026-09-29 11:34:14 [INFO] potato.server_utils.schemas.radio: Successfully generated radio layout for education_level with 7 options
2026-09-29 11:34:14 [INFO] potato.server_utils.schemas.multiselect: Successfully generated multiselect layout for bias_categories with 12 options
2026-09-29 11:34:14 [INFO] potato.server_utils.schemas.radio: Successfully generated radio layout for verdict_age with 2 options
2026-09-29 11:34:14 [INFO] potato.server_utils.schemas.radio: Successfully generated radio layout for verdict_gender with 2 options
2026-09-29 11:34:14 [INFO] potato.server_utils.schemas.radio: Successfully generated radio layout for verdict_race_ethnicity with 2 options
2026-09-29 11:34:14 [INFO] potato.server_utils.schemas.radio: Successfully generated radio layout for verdict_lgbtq with 2 options
2026-09-29 11:34:14 [INFO] potato.server_utils.schemas.radio: Successfully generated radio layout for verdict_family_status with 2 options
2026-09-29 11:34:14 [INFO] potato.server_utils.schemas.radio: Successfully generated radio layout for verdict_disability with 2 options
2026-09-29 11:34:14 [INFO] potato.server_utils.schemas.radio: Successfully generated radio layout for verdict_socioeconomic with 2 options
2026-09-29 11:34:14 [INFO] potato.server_utils.schemas.radio: Successfully generated radio layout for verdict_appearance with 2 options
2026-09-29 11:34:14 [INFO] potato.server_utils.schemas.radio: Successfully generated radio layout for verdict_proximity with 3 options
2026-09-29 11:34:14 [INFO] potato.server_utils.schemas.radio: Successfully generated radio layout for verdict_affinity with 2 options
2026-09-29 11:34:14 [INFO] potato.server_utils.schemas.radio: Successfully generated radio layout for verdict_education with 3 options
2026-09-29 11:34:14 [INFO] potato.server_utils.schemas.textbox: Successfully generated textbox layout for notes with 1 fields
2026-09-29 11:34:14 [INFO] server_utils.front_end: Generated annotation layout file: /home/meghss/Project_Biases_in_Job_Descriptions/annotation_task/layouts/task_layout.html
2026-09-29 11:34:14 [INFO] potato.server_utils.schemas.radio: Successfully generated radio layout for gender with 4 options
2026-09-29 11:34:14 [INFO] potato.server_utils.schemas.radio: Successfully generated radio layout for pronouns with 5 options
2026-09-29 11:34:14 [INFO] potato.server_utils.schemas.number: Successfully generated number layout for age
2026-09-29 11:34:14 [INFO] potato.server_utils.schemas.radio: Successfully generated radio layout for race_ethnicity_signal with 3 options
2026-09-29 11:34:14 [INFO] potato.server_utils.schemas.multiselect: Successfully generated multiselect layout for family_status with 5 options
2026-09-29 11:34:14 [INFO] potato.server_utils.schemas.radio: Successfully generated radio layout for education_level with 7 options
2026-09-29 11:34:14 [INFO] potato.server_utils.schemas.multiselect: Successfully generated multiselect layout for bias_categories with 12 options
2026-09-29 11:34:14 [INFO] potato.server_utils.schemas.radio: Successfully generated radio layout for verdict_age with 2 options
2026-09-29 11:34:14 [INFO] potato.server_utils.schemas.radio: Successfully generated radio layout for verdict_gender with 2 options
2026-09-29 11:34:14 [INFO] potato.server_utils.schemas.radio: Successfully generated radio layout for verdict_race_ethnicity with 2 options
2026-09-29 11:34:14 [INFO] potato.server_utils.schemas.radio: Successfully generated radio layout for verdict_lgbtq with 2 options
2026-09-29 11:34:14 [INFO] potato.server_utils.schemas.radio: Successfully generated radio layout for verdict_family_status with 2 options
2026-09-29 11:34:14 [INFO] potato.server_utils.schemas.radio: Successfully generated radio layout for verdict_disability with 2 options
2026-09-29 11:34:14 [INFO] potato.server_utils.schemas.radio: Successfully generated radio layout for verdict_socioeconomic with 2 options
2026-09-29 11:34:14 [INFO] potato.server_utils.schemas.radio: Successfully generated radio layout for verdict_appearance with 2 options
2026-09-29 11:34:14 [INFO] potato.server_utils.schemas.radio: Successfully generated radio layout for verdict_proximity with 3 options
2026-09-29 11:34:14 [INFO] potato.server_utils.schemas.radio: Successfully generated radio layout for verdict_affinity with 2 options
2026-09-29 11:34:14 [INFO] potato.server_utils.schemas.radio: Successfully generated radio layout for verdict_education with 3 options
2026-09-29 11:34:14 [INFO] potato.server_utils.schemas.textbox: Successfully generated textbox layout for notes with 1 fields
2026-09-29 11:34:14 [WARNING] potato.flask_server: Skipping invalid user directory pocket: User state file not found for user in directory "annotation_output_300/pocket"
2026-09-29 11:34:14 [INFO] potato.flask_server: Loaded user data for 0 users
2026-09-29 11:34:14 [INFO] potato.server_utils.schemas.radio: Successfully generated radio layout for gender with 4 options
2026-09-29 11:34:14 [INFO] potato.server_utils.schemas.radio: Successfully generated radio layout for pronouns with 5 options
2026-09-29 11:34:14 [INFO] potato.server_utils.schemas.number: Successfully generated number layout for age
2026-09-29 11:34:14 [INFO] potato.server_utils.schemas.radio: Successfully generated radio layout for race_ethnicity_signal with 3 options
2026-09-29 11:34:14 [INFO] potato.server_utils.schemas.multiselect: Successfully generated multiselect layout for family_status with 5 options
2026-09-29 11:34:14 [INFO] potato.server_utils.schemas.radio: Successfully generated radio layout for education_level with 7 options
2026-09-29 11:34:14 [INFO] potato.server_utils.schemas.multiselect: Successfully generated multiselect layout for bias_categories with 12 options
2026-09-29 11:34:14 [INFO] potato.server_utils.schemas.radio: Successfully generated radio layout for verdict_age with 2 options
2026-09-29 11:34:14 [INFO] potato.server_utils.schemas.radio: Successfully generated radio layout for verdict_gender with 2 options
2026-09-29 11:34:14 [INFO] potato.server_utils.schemas.radio: Successfully generated radio layout for verdict_race_ethnicity with 2 options
2026-09-29 11:34:14 [INFO] potato.server_utils.schemas.radio: Successfully generated radio layout for verdict_lgbtq with 2 options
2026-09-29 11:34:14 [INFO] potato.server_utils.schemas.radio: Successfully generated radio layout for verdict_family_status with 2 options
2026-09-29 11:34:14 [INFO] potato.server_utils.schemas.radio: Successfully generated radio layout for verdict_disability with 2 options
2026-09-29 11:34:14 [INFO] potato.server_utils.schemas.radio: Successfully generated radio layout for verdict_socioeconomic with 2 options
2026-09-29 11:34:14 [INFO] potato.server_utils.schemas.radio: Successfully generated radio layout for verdict_appearance with 2 options
2026-09-29 11:34:14 [INFO] potato.server_utils.schemas.radio: Successfully generated radio layout for verdict_proximity with 3 options
2026-09-29 11:34:14 [INFO] potato.server_utils.schemas.radio: Successfully generated radio layout for verdict_affinity with 2 options
2026-09-29 11:34:14 [INFO] potato.server_utils.schemas.radio: Successfully generated radio layout for verdict_education with 3 options
2026-09-29 11:34:14 [INFO] potato.server_utils.schemas.textbox: Successfully generated textbox layout for notes with 1 fields
2026-09-29 11:34:14 [INFO] server_utils.front_end: Hash mismatch (config or schema code changed), regenerating: /home/meghss/Project_Biases_in_Job_Descriptions/annotation_task/layouts/task_layout_annotation.html
2026-09-29 11:34:14 [INFO] server_utils.front_end: Annotation layout file not found or hash mismatch, generating: /home/meghss/Project_Biases_in_Job_Descriptions/annotation_task/layouts/task_layout_annotation.html
2026-09-29 11:34:14 [INFO] potato.server_utils.schemas.radio: Successfully generated radio layout for gender with 4 options
2026-09-29 11:34:14 [INFO] potato.server_utils.schemas.radio: Successfully generated radio layout for pronouns with 5 options
2026-09-29 11:34:14 [INFO] potato.server_utils.schemas.number: Successfully generated number layout for age
2026-09-29 11:34:14 [INFO] potato.server_utils.schemas.radio: Successfully generated radio layout for race_ethnicity_signal with 3 options
2026-09-29 11:34:14 [INFO] potato.server_utils.schemas.multiselect: Successfully generated multiselect layout for family_status with 5 options
2026-09-29 11:34:14 [INFO] potato.server_utils.schemas.radio: Successfully generated radio layout for education_level with 7 options
2026-09-29 11:34:14 [INFO] potato.server_utils.schemas.multiselect: Successfully generated multiselect layout for bias_categories with 12 options
2026-09-29 11:34:14 [INFO] potato.server_utils.schemas.radio: Successfully generated radio layout for verdict_age with 2 options
2026-09-29 11:34:14 [INFO] potato.server_utils.schemas.radio: Successfully generated radio layout for verdict_gender with 2 options
2026-09-29 11:34:14 [INFO] potato.server_utils.schemas.radio: Successfully generated radio layout for verdict_race_ethnicity with 2 options
2026-09-29 11:34:14 [INFO] potato.server_utils.schemas.radio: Successfully generated radio layout for verdict_lgbtq with 2 options
2026-09-29 11:34:14 [INFO] potato.server_utils.schemas.radio: Successfully generated radio layout for verdict_family_status with 2 options
2026-09-29 11:34:14 [INFO] potato.server_utils.schemas.radio: Successfully generated radio layout for verdict_disability with 2 options
2026-09-29 11:34:14 [INFO] potato.server_utils.schemas.radio: Successfully generated radio layout for verdict_socioeconomic with 2 options
2026-09-29 11:34:14 [INFO] potato.server_utils.schemas.radio: Successfully generated radio layout for verdict_appearance with 2 options
2026-09-29 11:34:14 [INFO] potato.server_utils.schemas.radio: Successfully generated radio layout for verdict_proximity with 3 options
2026-09-29 11:34:14 [INFO] potato.server_utils.schemas.radio: Successfully generated radio layout for verdict_affinity with 2 options
2026-09-29 11:34:14 [INFO] potato.server_utils.schemas.radio: Successfully generated radio layout for verdict_education with 3 options
2026-09-29 11:34:14 [INFO] potato.server_utils.schemas.textbox: Successfully generated textbox layout for notes with 1 fields
2026-09-29 11:34:14 [INFO] server_utils.front_end: Generated annotation layout file: /home/meghss/Project_Biases_in_Job_Descriptions/annotation_task/layouts/task_layout_annotation.html
2026-09-29 11:34:15 [INFO] potato.persistence.sqlite: Opened SQLite project DB: /home/meghss/Project_Biases_in_Job_Descriptions/annotation_task/project.sqlite
2026-09-29 11:34:16 [INFO] potato.search.fts5: FTS5 indexed 70 instances for /home/meghss/Project_Biases_in_Job_Descriptions/annotation_task
2026-09-29 11:34:16 [INFO] potato.flask_server: Knowledge base manager initialized
2026-09-29 11:34:16 [INFO] potato.flask_server: Password authentication required: True
2026-09-29 11:34:16 [INFO] potato.server_utils.html_sanitizer: Registered HTML sanitization Jinja2 filters
2026-09-29 11:34:19 [INFO] potato.flask_server: Registered dataset-publishing blueprint
2026-09-29 11:36:05 [INFO] potato.flask_server: Login successful for user: meghss
2026-09-29 11:36:05 [INFO] potato.flask_server: User meghss not in annotation phase (phase=instructions), redirecting.
2026-09-29 11:36:26 [INFO] potato.flask_server: User meghss not in annotation phase (phase=instructions), redirecting.
2026-09-29 11:42:43 [INFO] potato.user_state_management: Auto-export to csv: ['annotation_output_300/exports/csv/annotations.csv']
2026-09-29 11:45:17 [INFO] potato.user_state_management: Auto-export to csv: ['annotation_output_300/exports/csv/annotations.csv']
